// Jest Snapshot v1, https://goo.gl/fbAQLP

exports[`Component: Loading should render correctly 1`] = `
<div>
  <div
    class="load"
  >
    <div>
      G
    </div>
    <div>
      N
    </div>
    <div>
      I
    </div>
    <div>
      D
    </div>
    <div>
      A
    </div>
    <div>
      O
    </div>
    <div>
      L
    </div>
  </div>
</div>
`;
